// Jest Snapshot v1, https://goo.gl/fbAQLP

exports[`Home renders homepage unchanged 1`] = `
<div>
  <div>
    <main>
      <h1>
        Home
      </h1>
      <div>
        cancel
      </div>
    </main>
    <footer>
      Date
    </footer>
  </div>
</div>
`;
